{
    "Checking mandatory file contents to ensure proper processing.": {
        "content": [
            "2060d91a44f0b45bcd8f7828e09bc2e6"
        ],
        "timestamp": "2026-03-04T15:14:54.700710215",
        "meta": {
            "nf-test": "0.9.4",
            "nextflow": "25.10.4"
        }
    }
}