{
    "Checking mandatory file contents to ensure proper processing.": {
        "content": [
            "2060d91a44f0b45bcd8f7828e09bc2e6"
        ],
        "timestamp": "2026-09-16T11:04:15.978434047",
        "meta": {
            "nf-test": "0.9.5",
            "nextflow": "25.10.5"
        }
    }
}
