{
    "-profile test_full": {
        "content": [
            "89cee4a96e8c1ad9d9564acf632f6255",
            42,
            {
                "BBDUK": {
                    "bbmap": "38.76"
                },
                "BIOAWK": {
                    "bioawk": "awk version 20110810"
                },
                "CUSTOM_DUMPSOFTWAREVERSIONS": {
                    "python": "3.11.9",
                    "yaml": "5.4.1"
                },
                "FASTQC": {
                    "fastqc": "0.11.8"
                },
                "KRAKEN_SAMPLE": {
                    "kraken DB": "minikraken2_v1_8GB",
                    "kraken2": "2.0.8-beta"
                },
                "QUAST": {
                    "quast": "5.0.2"
                },
                "SAMTOOLS": {
                    "samtools": "1.10 Using htslib 1.10 Copyright (C) 2019 Genome Research Ltd."
                },
                "SEROBA": {
                    "seroba": "2.0.6"
                },
                "SHOVILL": {
                    "shovill": "1.1.0"
                },
                "Workflow": {
                    "wslh-bio/spntypeid": "1.11.0"
                }
            },
            [
                "assembly_stats_summary",
                "assembly_stats_summary/assembly_stats_results_summary.tsv",
                "bbduk",
                "bbduk/SPN_Sample_01.adapter.stats.txt",
                "bbduk/SPN_Sample_01.bbduk.log",
                "bbduk/SPN_Sample_01.repair.log",
                "bbduk/SPN_Sample_01.trim.txt",
                "bbduk/SPN_Sample_01_repaired_1.fastq.gz",
                "bbduk/SPN_Sample_01_repaired_2.fastq.gz",
                "bbduk/SPN_Sample_01_singletons.fastq.gz",
                "bbduk/SPN_Sample_01_trimmed_1.fastq.gz",
                "bbduk/SPN_Sample_01_trimmed_2.fastq.gz",
                "bbduk/SPN_Sample_02.adapter.stats.txt",
                "bbduk/SPN_Sample_02.bbduk.log",
                "bbduk/SPN_Sample_02.repair.log",
                "bbduk/SPN_Sample_02.trim.txt",
                "bbduk/SPN_Sample_02_repaired_1.fastq.gz",
                "bbduk/SPN_Sample_02_repaired_2.fastq.gz",
                "bbduk/SPN_Sample_02_singletons.fastq.gz",
                "bbduk/SPN_Sample_02_trimmed_1.fastq.gz",
                "bbduk/SPN_Sample_02_trimmed_2.fastq.gz",
                "bbduk/SPN_Sample_03.adapter.stats.txt",
                "bbduk/SPN_Sample_03.bbduk.log",
                "bbduk/SPN_Sample_03.repair.log",
                "bbduk/SPN_Sample_03.trim.txt",
                "bbduk/SPN_Sample_03_repaired_1.fastq.gz",
                "bbduk/SPN_Sample_03_repaired_2.fastq.gz",
                "bbduk/SPN_Sample_03_singletons.fastq.gz",
                "bbduk/SPN_Sample_03_trimmed_1.fastq.gz",
                "bbduk/SPN_Sample_03_trimmed_2.fastq.gz",
                "bbduk_summary",
                "bbduk_summary/bbduk_results.tsv",
                "bioawk",
                "bioawk/SPN_Sample_01.qual.tsv",
                "bioawk/SPN_Sample_02.qual.tsv",
                "bioawk/SPN_Sample_03.qual.tsv",
                "calculate_assembly_stats",
                "calculate_assembly_stats/SPN_Sample_01_Assembly_ratio_20240124.tsv",
                "calculate_assembly_stats/SPN_Sample_02_Assembly_ratio_20240124.tsv",
                "calculate_assembly_stats/SPN_Sample_03_Assembly_ratio_20240124.tsv",
                "coverage_stats",
                "coverage_stats/coverage_stats.tsv",
                "fastqc",
                "fastqc/SPN_Sample_01_1_fastqc.html",
                "fastqc/SPN_Sample_01_1_fastqc.zip",
                "fastqc/SPN_Sample_01_2_fastqc.html",
                "fastqc/SPN_Sample_01_2_fastqc.zip",
                "fastqc/SPN_Sample_02_1_fastqc.html",
                "fastqc/SPN_Sample_02_1_fastqc.zip",
                "fastqc/SPN_Sample_02_2_fastqc.html",
                "fastqc/SPN_Sample_02_2_fastqc.zip",
                "fastqc/SPN_Sample_03_1_fastqc.html",
                "fastqc/SPN_Sample_03_1_fastqc.zip",
                "fastqc/SPN_Sample_03_2_fastqc.html",
                "fastqc/SPN_Sample_03_2_fastqc.zip",
                "fastqc_summary",
                "fastqc_summary/fastqc_summary.tsv",
                "kraken_ntc",
                "kraken_ntc/NTC01.kraken2.txt",
                "kraken_ntc/kraken2.log",
                "kraken_sample",
                "kraken_sample/SPN_Sample_01.kraken2.txt",
                "kraken_sample/SPN_Sample_02.kraken2.txt",
                "kraken_sample/SPN_Sample_03.kraken2.txt",
                "kraken_sample/kraken2.log",
                "kraken_summary",
                "kraken_summary/kraken_results.tsv",
                "multiqc",
                "multiqc/multiqc_data",
                "multiqc/multiqc_data/mqc_fastqc_per_base_n_content_plot_1.txt",
                "multiqc/multiqc_data/mqc_fastqc_per_base_sequence_quality_plot_1.txt",
                "multiqc/multiqc_data/mqc_fastqc_per_sequence_gc_content_plot_Counts.txt",
                "multiqc/multiqc_data/mqc_fastqc_per_sequence_gc_content_plot_Percentages.txt",
                "multiqc/multiqc_data/mqc_fastqc_per_sequence_quality_scores_plot_1.txt",
                "multiqc/multiqc_data/mqc_fastqc_sequence_counts_plot_1.txt",
                "multiqc/multiqc_data/mqc_fastqc_sequence_duplication_levels_plot_1.txt",
                "multiqc/multiqc_data/mqc_fastqc_sequence_length_distribution_plot_1.txt",
                "multiqc/multiqc_data/mqc_kraken-topfive-plot_Class.txt",
                "multiqc/multiqc_data/mqc_kraken-topfive-plot_Domain.txt",
                "multiqc/multiqc_data/mqc_kraken-topfive-plot_Family.txt",
                "multiqc/multiqc_data/mqc_kraken-topfive-plot_Genus.txt",
                "multiqc/multiqc_data/mqc_kraken-topfive-plot_Kingdom.txt",
                "multiqc/multiqc_data/mqc_kraken-topfive-plot_Order.txt",
                "multiqc/multiqc_data/mqc_kraken-topfive-plot_Phylum.txt",
                "multiqc/multiqc_data/mqc_kraken-topfive-plot_Species.txt",
                "multiqc/multiqc_data/mqc_quast_num_contigs_1.txt",
                "multiqc/multiqc_data/mqc_samtools_alignment_plot_1.txt",
                "multiqc/multiqc_data/multiqc.log",
                "multiqc/multiqc_data/multiqc_data.json",
                "multiqc/multiqc_data/multiqc_fastqc.txt",
                "multiqc/multiqc_data/multiqc_general_stats.txt",
                "multiqc/multiqc_data/multiqc_quast.txt",
                "multiqc/multiqc_data/multiqc_samtools_stats.txt",
                "multiqc/multiqc_data/multiqc_sources.txt",
                "multiqc/multiqc_plots",
                "multiqc/multiqc_plots/pdf",
                "multiqc/multiqc_plots/pdf/mqc_fastqc_per_base_n_content_plot_1.pdf",
                "multiqc/multiqc_plots/pdf/mqc_fastqc_per_base_sequence_quality_plot_1.pdf",
                "multiqc/multiqc_plots/pdf/mqc_fastqc_per_sequence_gc_content_plot_Counts.pdf",
                "multiqc/multiqc_plots/pdf/mqc_fastqc_per_sequence_gc_content_plot_Percentages.pdf",
                "multiqc/multiqc_plots/pdf/mqc_fastqc_per_sequence_quality_scores_plot_1.pdf",
                "multiqc/multiqc_plots/pdf/mqc_fastqc_sequence_counts_plot_1.pdf",
                "multiqc/multiqc_plots/pdf/mqc_fastqc_sequence_counts_plot_1_pc.pdf",
                "multiqc/multiqc_plots/pdf/mqc_fastqc_sequence_duplication_levels_plot_1.pdf",
                "multiqc/multiqc_plots/pdf/mqc_fastqc_sequence_length_distribution_plot_1.pdf",
                "multiqc/multiqc_plots/pdf/mqc_kraken-topfive-plot_Class.pdf",
                "multiqc/multiqc_plots/pdf/mqc_kraken-topfive-plot_Class_pc.pdf",
                "multiqc/multiqc_plots/pdf/mqc_kraken-topfive-plot_Domain.pdf",
                "multiqc/multiqc_plots/pdf/mqc_kraken-topfive-plot_Domain_pc.pdf",
                "multiqc/multiqc_plots/pdf/mqc_kraken-topfive-plot_Family.pdf",
                "multiqc/multiqc_plots/pdf/mqc_kraken-topfive-plot_Family_pc.pdf",
                "multiqc/multiqc_plots/pdf/mqc_kraken-topfive-plot_Genus.pdf",
                "multiqc/multiqc_plots/pdf/mqc_kraken-topfive-plot_Genus_pc.pdf",
                "multiqc/multiqc_plots/pdf/mqc_kraken-topfive-plot_Kingdom.pdf",
                "multiqc/multiqc_plots/pdf/mqc_kraken-topfive-plot_Kingdom_pc.pdf",
                "multiqc/multiqc_plots/pdf/mqc_kraken-topfive-plot_Order.pdf",
                "multiqc/multiqc_plots/pdf/mqc_kraken-topfive-plot_Order_pc.pdf",
                "multiqc/multiqc_plots/pdf/mqc_kraken-topfive-plot_Phylum.pdf",
                "multiqc/multiqc_plots/pdf/mqc_kraken-topfive-plot_Phylum_pc.pdf",
                "multiqc/multiqc_plots/pdf/mqc_kraken-topfive-plot_Species.pdf",
                "multiqc/multiqc_plots/pdf/mqc_kraken-topfive-plot_Species_pc.pdf",
                "multiqc/multiqc_plots/pdf/mqc_quast_num_contigs_1.pdf",
                "multiqc/multiqc_plots/pdf/mqc_quast_num_contigs_1_pc.pdf",
                "multiqc/multiqc_plots/pdf/mqc_samtools_alignment_plot_1.pdf",
                "multiqc/multiqc_plots/pdf/mqc_samtools_alignment_plot_1_pc.pdf",
                "multiqc/multiqc_plots/png",
                "multiqc/multiqc_plots/png/mqc_fastqc_per_base_n_content_plot_1.png",
                "multiqc/multiqc_plots/png/mqc_fastqc_per_base_sequence_quality_plot_1.png",
                "multiqc/multiqc_plots/png/mqc_fastqc_per_sequence_gc_content_plot_Counts.png",
                "multiqc/multiqc_plots/png/mqc_fastqc_per_sequence_gc_content_plot_Percentages.png",
                "multiqc/multiqc_plots/png/mqc_fastqc_per_sequence_quality_scores_plot_1.png",
                "multiqc/multiqc_plots/png/mqc_fastqc_sequence_counts_plot_1.png",
                "multiqc/multiqc_plots/png/mqc_fastqc_sequence_counts_plot_1_pc.png",
                "multiqc/multiqc_plots/png/mqc_fastqc_sequence_duplication_levels_plot_1.png",
                "multiqc/multiqc_plots/png/mqc_fastqc_sequence_length_distribution_plot_1.png",
                "multiqc/multiqc_plots/png/mqc_kraken-topfive-plot_Class.png",
                "multiqc/multiqc_plots/png/mqc_kraken-topfive-plot_Class_pc.png",
                "multiqc/multiqc_plots/png/mqc_kraken-topfive-plot_Domain.png",
                "multiqc/multiqc_plots/png/mqc_kraken-topfive-plot_Domain_pc.png",
                "multiqc/multiqc_plots/png/mqc_kraken-topfive-plot_Family.png",
                "multiqc/multiqc_plots/png/mqc_kraken-topfive-plot_Family_pc.png",
                "multiqc/multiqc_plots/png/mqc_kraken-topfive-plot_Genus.png",
                "multiqc/multiqc_plots/png/mqc_kraken-topfive-plot_Genus_pc.png",
                "multiqc/multiqc_plots/png/mqc_kraken-topfive-plot_Kingdom.png",
                "multiqc/multiqc_plots/png/mqc_kraken-topfive-plot_Kingdom_pc.png",
                "multiqc/multiqc_plots/png/mqc_kraken-topfive-plot_Order.png",
                "multiqc/multiqc_plots/png/mqc_kraken-topfive-plot_Order_pc.png",
                "multiqc/multiqc_plots/png/mqc_kraken-topfive-plot_Phylum.png",
                "multiqc/multiqc_plots/png/mqc_kraken-topfive-plot_Phylum_pc.png",
                "multiqc/multiqc_plots/png/mqc_kraken-topfive-plot_Species.png",
                "multiqc/multiqc_plots/png/mqc_kraken-topfive-plot_Species_pc.png",
                "multiqc/multiqc_plots/png/mqc_quast_num_contigs_1.png",
                "multiqc/multiqc_plots/png/mqc_quast_num_contigs_1_pc.png",
                "multiqc/multiqc_plots/png/mqc_samtools_alignment_plot_1.png",
                "multiqc/multiqc_plots/png/mqc_samtools_alignment_plot_1_pc.png",
                "multiqc/multiqc_plots/svg",
                "multiqc/multiqc_plots/svg/mqc_fastqc_per_base_n_content_plot_1.svg",
                "multiqc/multiqc_plots/svg/mqc_fastqc_per_base_sequence_quality_plot_1.svg",
                "multiqc/multiqc_plots/svg/mqc_fastqc_per_sequence_gc_content_plot_Counts.svg",
                "multiqc/multiqc_plots/svg/mqc_fastqc_per_sequence_gc_content_plot_Percentages.svg",
                "multiqc/multiqc_plots/svg/mqc_fastqc_per_sequence_quality_scores_plot_1.svg",
                "multiqc/multiqc_plots/svg/mqc_fastqc_sequence_counts_plot_1.svg",
                "multiqc/multiqc_plots/svg/mqc_fastqc_sequence_counts_plot_1_pc.svg",
                "multiqc/multiqc_plots/svg/mqc_fastqc_sequence_duplication_levels_plot_1.svg",
                "multiqc/multiqc_plots/svg/mqc_fastqc_sequence_length_distribution_plot_1.svg",
                "multiqc/multiqc_plots/svg/mqc_kraken-topfive-plot_Class.svg",
                "multiqc/multiqc_plots/svg/mqc_kraken-topfive-plot_Class_pc.svg",
                "multiqc/multiqc_plots/svg/mqc_kraken-topfive-plot_Domain.svg",
                "multiqc/multiqc_plots/svg/mqc_kraken-topfive-plot_Domain_pc.svg",
                "multiqc/multiqc_plots/svg/mqc_kraken-topfive-plot_Family.svg",
                "multiqc/multiqc_plots/svg/mqc_kraken-topfive-plot_Family_pc.svg",
                "multiqc/multiqc_plots/svg/mqc_kraken-topfive-plot_Genus.svg",
                "multiqc/multiqc_plots/svg/mqc_kraken-topfive-plot_Genus_pc.svg",
                "multiqc/multiqc_plots/svg/mqc_kraken-topfive-plot_Kingdom.svg",
                "multiqc/multiqc_plots/svg/mqc_kraken-topfive-plot_Kingdom_pc.svg",
                "multiqc/multiqc_plots/svg/mqc_kraken-topfive-plot_Order.svg",
                "multiqc/multiqc_plots/svg/mqc_kraken-topfive-plot_Order_pc.svg",
                "multiqc/multiqc_plots/svg/mqc_kraken-topfive-plot_Phylum.svg",
                "multiqc/multiqc_plots/svg/mqc_kraken-topfive-plot_Phylum_pc.svg",
                "multiqc/multiqc_plots/svg/mqc_kraken-topfive-plot_Species.svg",
                "multiqc/multiqc_plots/svg/mqc_kraken-topfive-plot_Species_pc.svg",
                "multiqc/multiqc_plots/svg/mqc_quast_num_contigs_1.svg",
                "multiqc/multiqc_plots/svg/mqc_quast_num_contigs_1_pc.svg",
                "multiqc/multiqc_plots/svg/mqc_samtools_alignment_plot_1.svg",
                "multiqc/multiqc_plots/svg/mqc_samtools_alignment_plot_1_pc.svg",
                "multiqc/multiqc_report.html",
                "percent_strep_summary",
                "percent_strep_summary/percent_strep_results.tsv",
                "pipeline_info",
                "pipeline_info/samplesheet.valid.csv",
                "pipeline_info/software_versions.yml",
                "quality_stats",
                "quality_stats/quality_stats.tsv",
                "quast",
                "quast/SPN_Sample_01.quast.report.tsv",
                "quast/SPN_Sample_01.transposed.quast.report.tsv",
                "quast/SPN_Sample_02.quast.report.tsv",
                "quast/SPN_Sample_02.transposed.quast.report.tsv",
                "quast/SPN_Sample_03.quast.report.tsv",
                "quast/SPN_Sample_03.transposed.quast.report.tsv",
                "quast_summary",
                "quast_summary/quast_results.tsv",
                "rejected_samples",
                "rejected_samples/SPNTypeID_empty_samples.csv",
                "report_with_ntc",
                "report_with_ntc/test_spntypeid_report.csv",
                "samtools",
                "samtools/SPN_Sample_01.bam",
                "samtools/SPN_Sample_01.depth.tsv",
                "samtools/SPN_Sample_01.stats.txt",
                "samtools/SPN_Sample_02.bam",
                "samtools/SPN_Sample_02.depth.tsv",
                "samtools/SPN_Sample_02.stats.txt",
                "samtools/SPN_Sample_03.bam",
                "samtools/SPN_Sample_03.depth.tsv",
                "samtools/SPN_Sample_03.stats.txt",
                "seroba",
                "seroba/SPN_Sample_01.pred.csv",
                "seroba/SPN_Sample_02.pred.csv",
                "seroba/SPN_Sample_03.pred.csv",
                "seroba/seroba.log",
                "seroba_summary",
                "seroba_summary/seroba_results.tsv",
                "shovill",
                "shovill/SPN_Sample_01.contigs.fa",
                "shovill/SPN_Sample_01.sam",
                "shovill/SPN_Sample_01_shovill_output",
                "shovill/SPN_Sample_01_shovill_output/contigs.gfa",
                "shovill/SPN_Sample_01_shovill_output/shovill.corrections",
                "shovill/SPN_Sample_01_shovill_output/shovill.log",
                "shovill/SPN_Sample_01_shovill_output/spades.fasta",
                "shovill/SPN_Sample_02.contigs.fa",
                "shovill/SPN_Sample_02.sam",
                "shovill/SPN_Sample_02_shovill_output",
                "shovill/SPN_Sample_02_shovill_output/contigs.gfa",
                "shovill/SPN_Sample_02_shovill_output/shovill.corrections",
                "shovill/SPN_Sample_02_shovill_output/shovill.log",
                "shovill/SPN_Sample_02_shovill_output/spades.fasta",
                "shovill/SPN_Sample_03.contigs.fa",
                "shovill/SPN_Sample_03.sam",
                "shovill/SPN_Sample_03_shovill_output",
                "shovill/SPN_Sample_03_shovill_output/contigs.gfa",
                "shovill/SPN_Sample_03_shovill_output/shovill.corrections",
                "shovill/SPN_Sample_03_shovill_output/shovill.log",
                "shovill/SPN_Sample_03_shovill_output/spades.fasta"
            ],
            [
                "assembly_stats_results_summary.tsv:md5,24b19d8aa57f511b1aa9e15fed1e1a29",
                "SPN_Sample_01.adapter.stats.txt:md5,3f3503c82f82a95608f11a09fa852c76",
                "SPN_Sample_01.bbduk.log:md5,33d47c6b12d116c913596dd6ed477043",
                "SPN_Sample_01.repair.log:md5,d18a5fea889c43e1b742737fc7dcb8d4",
                "SPN_Sample_01.trim.txt:md5,e1fc1353b176c870175e2163e795b9fd",
                "SPN_Sample_01_repaired_1.fastq.gz:md5,9e01450d28492f8b42ec53d2d194fc82",
                "SPN_Sample_01_repaired_2.fastq.gz:md5,96d9fda7f4ea9602d2edde0779b85a12",
                "SPN_Sample_01_singletons.fastq.gz:md5,d41d8cd98f00b204e9800998ecf8427e",
                "SPN_Sample_01_trimmed_1.fastq.gz:md5,c8ba1d09813d74551c7127890d5fedac",
                "SPN_Sample_01_trimmed_2.fastq.gz:md5,355cb414f197895acd83721d0e71b3a6",
                "SPN_Sample_02.adapter.stats.txt:md5,030e936e1ac7d7334bbc6263f23f494e",
                "SPN_Sample_02.bbduk.log:md5,ce1970821afb6a1c5db41fcb1efbf05b",
                "SPN_Sample_02.repair.log:md5,573790ea3927d4fc33f976ac12502c7a",
                "SPN_Sample_02.trim.txt:md5,3dfd5a5ec12d5c68f1ae64804029347e",
                "SPN_Sample_02_repaired_1.fastq.gz:md5,cd8dabc1e1d0c84942c7ce01cd035299",
                "SPN_Sample_02_repaired_2.fastq.gz:md5,ee97b31e1006aac475b739c2b1177fc6",
                "SPN_Sample_02_singletons.fastq.gz:md5,d41d8cd98f00b204e9800998ecf8427e",
                "SPN_Sample_02_trimmed_1.fastq.gz:md5,338c7b089d25183ec523631bdff5a9e0",
                "SPN_Sample_02_trimmed_2.fastq.gz:md5,79679ddc76ac7551e3393e5518b96614",
                "SPN_Sample_03.adapter.stats.txt:md5,5383b0db16a02ae731b896431d400c7e",
                "SPN_Sample_03.bbduk.log:md5,15da2914c9cbee72815a7aacb6def11a",
                "SPN_Sample_03.repair.log:md5,32bd9462c87bb54064d7dc139ea63fb3",
                "SPN_Sample_03.trim.txt:md5,2b23dfb074f970cdb1335e023689f7ad",
                "SPN_Sample_03_repaired_1.fastq.gz:md5,596185d4f9654d59064227a684415b26",
                "SPN_Sample_03_repaired_2.fastq.gz:md5,d7c15a61fd2df4cd260dc45c2c1621a3",
                "SPN_Sample_03_singletons.fastq.gz:md5,d41d8cd98f00b204e9800998ecf8427e",
                "SPN_Sample_03_trimmed_1.fastq.gz:md5,85e75b2d05f0c1c71f1a8536bdd79960",
                "SPN_Sample_03_trimmed_2.fastq.gz:md5,9a9f3e53004e26df4e7b72c00fa0839c",
                "bbduk_results.tsv:md5,ae7462edc8fe0e24799568559855b8bf",
                "SPN_Sample_01.qual.tsv:md5,3ed6afe20f4ca924be874fe162e21105",
                "SPN_Sample_02.qual.tsv:md5,b2cc6c13a2811dbbcaa460433a76266d",
                "SPN_Sample_03.qual.tsv:md5,90efcb9e79186bc58442a42942b4a410",
                "SPN_Sample_01_Assembly_ratio_20240124.tsv:md5,bc8190d46fd3dc93e5ac5cff0e89fede",
                "SPN_Sample_02_Assembly_ratio_20240124.tsv:md5,2710fa5e0cff64998ea9e1d233a4cc11",
                "SPN_Sample_03_Assembly_ratio_20240124.tsv:md5,591f6e1a12f5ed0c2dbb3ea0a0beb056",
                "coverage_stats.tsv:md5,2fab0e5e557421b8866b03a2ee02ac9a",
                "SPN_Sample_01_1_fastqc.html:md5,12da5387acc2ba60d523e4689b2b322c",
                "SPN_Sample_01_1_fastqc.zip:md5,fac668456689783545e3dd53c9fd7c16",
                "SPN_Sample_01_2_fastqc.html:md5,e567f5b6faa28b49ff1abaf421b3795b",
                "SPN_Sample_01_2_fastqc.zip:md5,fed5bfebb5204282e498cc1d0ef280d0",
                "SPN_Sample_02_1_fastqc.html:md5,91487483ce007742bf199fb928e7b9a8",
                "SPN_Sample_02_1_fastqc.zip:md5,3f4598fe26dbe67cfcf98026eec1d82d",
                "SPN_Sample_02_2_fastqc.html:md5,3b80161fc33c39f9c17fde665e7c12da",
                "SPN_Sample_02_2_fastqc.zip:md5,289b4750d6e0a1f2a5e283a80e3905e9",
                "SPN_Sample_03_1_fastqc.html:md5,8a388443ba09c64635df00491ccfcb54",
                "SPN_Sample_03_1_fastqc.zip:md5,22cfb2523bfcc5bf225049e8425ffbc2",
                "SPN_Sample_03_2_fastqc.html:md5,62f0a367a2ad8bdeea83a84fc519500d",
                "SPN_Sample_03_2_fastqc.zip:md5,762e221b4e808d2ddc9faa939610d5de",
                "fastqc_summary.tsv:md5,8c6e45ccc9287deaef982564f1e71047",
                "NTC01.kraken2.txt:md5,dfd7b06ddbec7b0159a483d78e8ed9e8",
                "kraken2.log:md5,36c1c7006bb18616ada358f6e153f9b4",
                "SPN_Sample_01.kraken2.txt:md5,0e9a9877f5ab3fae2c640f860ad7d645",
                "SPN_Sample_02.kraken2.txt:md5,8ab3c5370ccd50640d53c24577be3036",
                "SPN_Sample_03.kraken2.txt:md5,bb2da149131d8e0e6f6911df086eace8",
                "kraken2.log:md5,ac1d9f733302a34510aac6fc64951584",
                "kraken_results.tsv:md5,8223eac941497e258ffcdda3f1500e94",
                "mqc_fastqc_per_base_n_content_plot_1.txt:md5,85f101a209c4318bf0b593624bc06154",
                "mqc_fastqc_per_base_sequence_quality_plot_1.txt:md5,ef369af354e6cf8d0e55e05f40f0db0a",
                "mqc_fastqc_per_sequence_gc_content_plot_Counts.txt:md5,936659070193946132929110097c4758",
                "mqc_fastqc_per_sequence_gc_content_plot_Percentages.txt:md5,77f640ef5e48595e322000a313dfb526",
                "mqc_fastqc_per_sequence_quality_scores_plot_1.txt:md5,c1b7e4eb58eb1d2d72937c9a8ad95b96",
                "mqc_fastqc_sequence_counts_plot_1.txt:md5,6603a157a75e6a43d87afa4af2e21bf4",
                "mqc_fastqc_sequence_duplication_levels_plot_1.txt:md5,e838f13d7b8d783523ea588c738967a2",
                "mqc_fastqc_sequence_length_distribution_plot_1.txt:md5,bb9fa548b67442f6a5da8c9b8130f64a",
                "mqc_kraken-topfive-plot_Class.txt:md5,35b3e1eb54e8641e18c828ef0a35c572",
                "mqc_kraken-topfive-plot_Domain.txt:md5,26ef6b6b8270bd1c9e089f487487ad09",
                "mqc_kraken-topfive-plot_Family.txt:md5,77ea4ecddc934efc92f3fc5422720936",
                "mqc_kraken-topfive-plot_Genus.txt:md5,cba63f2be15d4fca4c45ffdfe813c265",
                "mqc_kraken-topfive-plot_Kingdom.txt:md5,b44a109ee722060ef93565bb54304bbc",
                "mqc_kraken-topfive-plot_Order.txt:md5,f34e8767401fe7980e2fbc5ea4abe03b",
                "mqc_kraken-topfive-plot_Phylum.txt:md5,3e9f6d0cdd51c631af0244203c7577c3",
                "mqc_kraken-topfive-plot_Species.txt:md5,e5ba552216c474c419836c88113802f3",
                "mqc_quast_num_contigs_1.txt:md5,03a49b0b912f02a2eab0501cf893c0c7",
                "mqc_samtools_alignment_plot_1.txt:md5,2556e06cb498dfa6d565f23d14a6d4d0",
                "multiqc.log:md5,2c84570decb3875dd20b19ed975b4e06",
                "multiqc_data.json:md5,3109a9db083f1be449c80a4d9d9d95a8",
                "multiqc_fastqc.txt:md5,ce87fc38b1b6c5fb491dc78aecb205c6",
                "multiqc_general_stats.txt:md5,cbd895c9494e90f15d33e5549f9d89d6",
                "multiqc_quast.txt:md5,06099bc5ec2b04251d4dba869fa8c62a",
                "multiqc_samtools_stats.txt:md5,4d909b09b7a35cd7a707bfbc69085d04",
                "multiqc_sources.txt:md5,e237d50a4845569e79b07049f1a61721",
                "mqc_fastqc_per_base_n_content_plot_1.pdf:md5,d68040e6f71f6d81c634c9e59145f6d5",
                "mqc_fastqc_per_base_sequence_quality_plot_1.pdf:md5,0c02e31564389c55a62d63b71ea13494",
                "mqc_fastqc_per_sequence_gc_content_plot_Counts.pdf:md5,639e7fe8fb6b983263dd70a9a90a9b00",
                "mqc_fastqc_per_sequence_gc_content_plot_Percentages.pdf:md5,79461dd7e8d7871a2d9368afedee3a84",
                "mqc_fastqc_per_sequence_quality_scores_plot_1.pdf:md5,3b33ddb71ee3ccc3d716cad895d4e23a",
                "mqc_fastqc_sequence_counts_plot_1.pdf:md5,9552e351c4c2986bdef0f662b5a5f339",
                "mqc_fastqc_sequence_counts_plot_1_pc.pdf:md5,3c43fe042d468588535be7bf994cd660",
                "mqc_fastqc_sequence_duplication_levels_plot_1.pdf:md5,f7f4105bf19c5f8e33474df22f440cb2",
                "mqc_fastqc_sequence_length_distribution_plot_1.pdf:md5,458c826f630c7e5a0f2c289c4b454055",
                "mqc_kraken-topfive-plot_Class.pdf:md5,d4170beafe7255be93387a3b9279d75a",
                "mqc_kraken-topfive-plot_Class_pc.pdf:md5,671e9b12d129f899e1c00b2eeb006d70",
                "mqc_kraken-topfive-plot_Domain.pdf:md5,561acd9808a0c75d96c5d420698ea024",
                "mqc_kraken-topfive-plot_Domain_pc.pdf:md5,437e8e6fa90a4a12ac9184d13fa3e833",
                "mqc_kraken-topfive-plot_Family.pdf:md5,33faac62c8046338b7144506f45e7bf2",
                "mqc_kraken-topfive-plot_Family_pc.pdf:md5,3f88567b878e5518f075c40275806cb3",
                "mqc_kraken-topfive-plot_Genus.pdf:md5,8d067bc1c198fcfccbe8b0eab0690aac",
                "mqc_kraken-topfive-plot_Genus_pc.pdf:md5,1bf9608a677d7b6139479345689f5041",
                "mqc_kraken-topfive-plot_Kingdom.pdf:md5,2273b89966cb68dd27ac6c63d54f0b3b",
                "mqc_kraken-topfive-plot_Kingdom_pc.pdf:md5,831a85020e723eb61cc0196368b77993",
                "mqc_kraken-topfive-plot_Order.pdf:md5,a3d50710f60c2c57e214c883377c8e56",
                "mqc_kraken-topfive-plot_Order_pc.pdf:md5,a8f3368b2951bb6ffae8068316f8726a",
                "mqc_kraken-topfive-plot_Phylum.pdf:md5,a27cf6ed65c36a4c6a4b512cb22622c8",
                "mqc_kraken-topfive-plot_Phylum_pc.pdf:md5,5693e2d185f248fcb1792cdd02d0792c",
                "mqc_kraken-topfive-plot_Species.pdf:md5,824d44f93bffca365c9761ded923056d",
                "mqc_kraken-topfive-plot_Species_pc.pdf:md5,893cb87315e23957c27923236a38e567",
                "mqc_quast_num_contigs_1.pdf:md5,6424bad0396a37e38473270a21477448",
                "mqc_quast_num_contigs_1_pc.pdf:md5,7de31e0a13ffade2b7c3d97ac0c5f7f1",
                "mqc_samtools_alignment_plot_1.pdf:md5,c04177e6ea350d25414c650fad9ea40a",
                "mqc_samtools_alignment_plot_1_pc.pdf:md5,188fd114ec5792aaa0937e2c9e15efdd",
                "mqc_fastqc_per_base_n_content_plot_1.png:md5,f226a966546f524b03d610191c88ad23",
                "mqc_fastqc_per_base_sequence_quality_plot_1.png:md5,e10517e25d3ae7e886127d8c6de02ea7",
                "mqc_fastqc_per_sequence_gc_content_plot_Counts.png:md5,b733b8e57cfc67d8c4b43bc884e64c93",
                "mqc_fastqc_per_sequence_gc_content_plot_Percentages.png:md5,46292d0c0248e7bab91a6587faf79456",
                "mqc_fastqc_per_sequence_quality_scores_plot_1.png:md5,efcbf1da3d3fdd1bf3757d7f1a602d64",
                "mqc_fastqc_sequence_counts_plot_1.png:md5,daf08208fcf7a8ffb228e5f5e999db9f",
                "mqc_fastqc_sequence_counts_plot_1_pc.png:md5,1b90b8835914b2f861c5eb00e45fcb34",
                "mqc_fastqc_sequence_duplication_levels_plot_1.png:md5,243c9ddde8f01e5e7a7d93a2e6d4f5f5",
                "mqc_fastqc_sequence_length_distribution_plot_1.png:md5,26a0bf03eb2692a3be78812e4a415442",
                "mqc_kraken-topfive-plot_Class.png:md5,301a7dbf9f91198f2195504ce2afc8d9",
                "mqc_kraken-topfive-plot_Class_pc.png:md5,f83a0968f9bff49d1a3bb897556b65ce",
                "mqc_kraken-topfive-plot_Domain.png:md5,d2d751cd720ee446c16415e10db8acbc",
                "mqc_kraken-topfive-plot_Domain_pc.png:md5,8ced69f26fae9e5049018560a50ddcd6",
                "mqc_kraken-topfive-plot_Family.png:md5,6db86e81f5fe74912c3d6076e8fd0cdf",
                "mqc_kraken-topfive-plot_Family_pc.png:md5,01d97c9534c037a53808d1f4c65df3b3",
                "mqc_kraken-topfive-plot_Genus.png:md5,201e5cabcb25c189d3b76d10b074c859",
                "mqc_kraken-topfive-plot_Genus_pc.png:md5,3ceeb4ecdf6711deef65d7fb0ddaf384",
                "mqc_kraken-topfive-plot_Kingdom.png:md5,5eb69013b01e0fd170fc702d3b90d207",
                "mqc_kraken-topfive-plot_Kingdom_pc.png:md5,de463e271b5a752da64d631193775033",
                "mqc_kraken-topfive-plot_Order.png:md5,b3cd1ebde32428778ba0c74a8c0628be",
                "mqc_kraken-topfive-plot_Order_pc.png:md5,b1a70bf06461048da410582a86aa46db",
                "mqc_kraken-topfive-plot_Phylum.png:md5,5f6ba9361d6ac4decab4bdfac6ba41dd",
                "mqc_kraken-topfive-plot_Phylum_pc.png:md5,26c7fcf0d7091b3d2cd6ae38f766ba66",
                "mqc_kraken-topfive-plot_Species.png:md5,f94c68b8ccdb279f98c32031e6f50813",
                "mqc_kraken-topfive-plot_Species_pc.png:md5,68278ad58e85108c44fcd0b681abf48c",
                "mqc_quast_num_contigs_1.png:md5,3110dea203404b669689e9aead539b01",
                "mqc_quast_num_contigs_1_pc.png:md5,3787304f88079604e9fbeca7f74e3868",
                "mqc_samtools_alignment_plot_1.png:md5,16b6831b7cd9f33f58ddecc125d6f118",
                "mqc_samtools_alignment_plot_1_pc.png:md5,13b598fd7eeb5b1c9d9dc0b4a292c4bc",
                "mqc_fastqc_per_base_n_content_plot_1.svg:md5,03ce68995f2a102db6306f52f439cc9b",
                "mqc_fastqc_per_base_sequence_quality_plot_1.svg:md5,6f7a7d91147011d42474719bb9e7ad57",
                "mqc_fastqc_per_sequence_gc_content_plot_Counts.svg:md5,638e0fea543382deb71b6a78589d86ab",
                "mqc_fastqc_per_sequence_gc_content_plot_Percentages.svg:md5,3f6ec94f1faeb8b8506379131c82f4f2",
                "mqc_fastqc_per_sequence_quality_scores_plot_1.svg:md5,ed4493d0fef0227b5c5916da786e1593",
                "mqc_fastqc_sequence_counts_plot_1.svg:md5,e49803d1b65fbc744a55b0c3b3d4b6ac",
                "mqc_fastqc_sequence_counts_plot_1_pc.svg:md5,649671da1e6733dc1fe0c9357ecfb6af",
                "mqc_fastqc_sequence_duplication_levels_plot_1.svg:md5,d85bc73fb8c5a4170c58bb8b09c984ba",
                "mqc_fastqc_sequence_length_distribution_plot_1.svg:md5,8fc8b6fff09aa8fafa3aeb06c59ea0ff",
                "mqc_kraken-topfive-plot_Class.svg:md5,c968201b0b64a5451d20ec60ae069fab",
                "mqc_kraken-topfive-plot_Class_pc.svg:md5,22966ab54cdc859e0bcf984db5be55b6",
                "mqc_kraken-topfive-plot_Domain.svg:md5,d99886d71231d9a9e512df40c3c22690",
                "mqc_kraken-topfive-plot_Domain_pc.svg:md5,a74422ac99d21bfc1b3dfa8c37a3eb38",
                "mqc_kraken-topfive-plot_Family.svg:md5,ee3244c334473da2c644d615c31b12c5",
                "mqc_kraken-topfive-plot_Family_pc.svg:md5,386fa6c825ed0f759948740a41289fa8",
                "mqc_kraken-topfive-plot_Genus.svg:md5,2e6a4b3f566b59e8432e5a08f0129e38",
                "mqc_kraken-topfive-plot_Genus_pc.svg:md5,0bfe68cf632fc84103b1a5fff6a50d94",
                "mqc_kraken-topfive-plot_Kingdom.svg:md5,7b356e6ea9ad4812dec8acfe8b50bd13",
                "mqc_kraken-topfive-plot_Kingdom_pc.svg:md5,5d4f4dad37793d0990497449db5f97bd",
                "mqc_kraken-topfive-plot_Order.svg:md5,bf20d95e3adfe0cf0c02a7de8953c8d6",
                "mqc_kraken-topfive-plot_Order_pc.svg:md5,55051243fcd1ecc14838c24e6b9435d7",
                "mqc_kraken-topfive-plot_Phylum.svg:md5,a1c9492c57c942d737f38f2732ef5624",
                "mqc_kraken-topfive-plot_Phylum_pc.svg:md5,d3025572c5dfa2ef581f25fab6de4651",
                "mqc_kraken-topfive-plot_Species.svg:md5,868a8f069079c46333182afc054d9255",
                "mqc_kraken-topfive-plot_Species_pc.svg:md5,06f2a014ae2d99a97d80dc46de6df968",
                "mqc_quast_num_contigs_1.svg:md5,7474a27e331bbbaa38dd3359cad76cdb",
                "mqc_quast_num_contigs_1_pc.svg:md5,f1c1be4052847c84388a6e4574cc61d3",
                "mqc_samtools_alignment_plot_1.svg:md5,4d7997221582b7643371300399ae096f",
                "mqc_samtools_alignment_plot_1_pc.svg:md5,5361b32464f51d2029be0b89bbb1d9e0",
                "multiqc_report.html:md5,99c450bd5afe88a8f78138f2029c7d38",
                "percent_strep_results.tsv:md5,29d9eec2a418ceb6acefbf2dc5c76cc0",
                "execution_report_2026-06-17_08-56-46.html:md5,1667506623a02aa069079b2abeeed8fb",
                "execution_timeline_2026-06-17_08-56-46.html:md5,bccf0b9fb356c5c399783b906024e449",
                "pipeline_dag_2026-06-17_08-56-46.html:md5,8383a0e2ce633e277999239c95bf23aa",
                "samplesheet.valid.csv:md5,8b064591100bc5e04b0f993155d91281",
                "software_versions.yml:md5,89cee4a96e8c1ad9d9564acf632f6255",
                "quality_stats.tsv:md5,cba766121f8000cd2b6d452ee903db24",
                "SPN_Sample_01.quast.report.tsv:md5,775443e664e6606265508fe9ce042657",
                "SPN_Sample_01.transposed.quast.report.tsv:md5,9da9347373d2fa25432bf4dcbe5a4ae7",
                "SPN_Sample_02.quast.report.tsv:md5,8e03cf1c19ea03fd74abe4eac5e9d47e",
                "SPN_Sample_02.transposed.quast.report.tsv:md5,41184d9cb1f1de67003e88d253eb287f",
                "SPN_Sample_03.quast.report.tsv:md5,fa7f15407a2c4deb3f3961fe39b764cb",
                "SPN_Sample_03.transposed.quast.report.tsv:md5,231db33b10db10f7cb9712ed1c169781",
                "quast_results.tsv:md5,e8998963793d63a99e2bcefe803c8509",
                "SPNTypeID_empty_samples.csv:md5,97c074815e67a1e9fa89bec65d61ec01",
                "test_spntypeid_report.csv:md5,b6de0b883d8e10fd4a949e97d7deac7b",
                "SPN_Sample_01.bam:md5,fc09f39566fe0efc38a67ea308a7910f",
                "SPN_Sample_01.depth.tsv:md5,f201cb614095b4cdbb46141bff400234",
                "SPN_Sample_01.stats.txt:md5,4b22462c732b8b413953698e4ce8ed1f",
                "SPN_Sample_02.bam:md5,3971da0641a45e7ca0b4195f90d46b36",
                "SPN_Sample_02.depth.tsv:md5,8accb7899b80400701bdc1f679a00e7f",
                "SPN_Sample_02.stats.txt:md5,58bbcbe22e54ab9a3786c45515b3fb5d",
                "SPN_Sample_03.bam:md5,4178530b3bdde78229ad06013528c802",
                "SPN_Sample_03.depth.tsv:md5,21bb0e5c7770a35e4c17c2d76e3e76e4",
                "SPN_Sample_03.stats.txt:md5,eb54eedd39786185c9630ec06ccd13e8",
                "SPN_Sample_01.pred.csv:md5,92cb3cad9998be3cd38eff30bf1c9f43",
                "SPN_Sample_02.pred.csv:md5,a8df8c64e8be4600ea92bf00bf428fc2",
                "SPN_Sample_03.pred.csv:md5,a94252e8f866251a5fa8c8bdcad25b4d",
                "seroba.log:md5,475ef85899c29e6713f8e7f858d58468",
                "seroba_results.tsv:md5,2d6e05162cee7875ce8ec8f3c4380112",
                "SPN_Sample_01.contigs.fa:md5,bba732f63f5a341a0445229f2eefc792",
                "SPN_Sample_01.sam:md5,9bf6adda63c2f63342f45d14cc3388bc",
                "contigs.gfa:md5,a1f7d824bc8e91e78fb13be6cecbda75",
                "shovill.corrections:md5,45884972ce9dd27820142db81a4975d0",
                "shovill.log:md5,44d32e0222fd009fc2c10d6ac0bed37b",
                "spades.fasta:md5,dc06b701d8c9d051458e0cdc0ca7a79e",
                "SPN_Sample_02.contigs.fa:md5,876ba9254b1264fade76b293f3a24393",
                "SPN_Sample_02.sam:md5,23ea50fc44849d881bf3a7a92f0f85f2",
                "contigs.gfa:md5,c44daa84f140c873ce41e072e6aeb328",
                "shovill.corrections:md5,d41d8cd98f00b204e9800998ecf8427e",
                "shovill.log:md5,a122ac3fa087e372efb53b3f76d4179e",
                "spades.fasta:md5,a772c69250259d4c16b0165a734dfff9",
                "SPN_Sample_03.contigs.fa:md5,746dd433da5e2eaf84eb0c75b84fecac",
                "SPN_Sample_03.sam:md5,fadd9b928503592e3eeeb0387213a507",
                "contigs.gfa:md5,a2f52c05f43ed423ef71bd00114fe353",
                "shovill.corrections:md5,1f31762fc4817fb152ba6c04b4b3c84e",
                "shovill.log:md5,6d8b0ba17e6071eb6b561bfa53773f7e",
                "spades.fasta:md5,112e4d42e0c79cdd4f99ce3278229780"
            ]
        ],
        "timestamp": "2026-06-17T09:24:01.226591932",
        "meta": {
            "nf-test": "0.9.5",
            "nextflow": "25.10.5"
        }
    }
}
