{
    "Checking file contents to ensure proper processing.": {
        "content": [
            null,
            "test.quast.report.tsv:md5,dce0cf7fa252fdcc9f42b7ac54497a03"
        ],
        "timestamp": "2026-03-11T16:01:56.433669436",
        "meta": {
            "nf-test": "0.9.4",
            "nextflow": "25.10.4"
        }
    }
}