{
    "Checking file contents to ensure proper processing.": {
        "content": [
            "e8f5c369f8f4643ef3f5d03d67f35672",
            "dce0cf7fa252fdcc9f42b7ac54497a03"
        ],
        "timestamp": "2026-06-30T13:56:22.120469261",
        "meta": {
            "nf-test": "0.9.5",
            "nextflow": "25.10.5"
        }
    }
}