{
    "Checking file contents to ensure proper processing.": {
        "content": [
            {
                "0": [
                    "test.qual.tsv:md5,3ed6afe20f4ca924be874fe162e21105"
                ],
                "1": [
                    "versions.yml:md5,5179458ed5410c503748beb1d879c437"
                ],
                "qual_results": [
                    "test.qual.tsv:md5,3ed6afe20f4ca924be874fe162e21105"
                ],
                "versions": [
                    "versions.yml:md5,5179458ed5410c503748beb1d879c437"
                ]
            }
        ],
        "timestamp": "2026-03-05T12:48:00.950373908",
        "meta": {
            "nf-test": "0.9.4",
            "nextflow": "25.10.4"
        }
    }
}