{
    "Checking that output channel has appropriate contents and contains proper samples.": {
        "content": [
            "fc8c5e1a88fad224c5a894fc5de7a64e"
        ],
        "timestamp": "2026-07-07T10:58:00.966317473",
        "meta": {
            "nf-test": "0.9.5",
            "nextflow": "25.10.5"
        }
    }
}