{
    "Checking that output channel has appropriate contents and contains proper samples.": {
        "content": [
            "b0d8bc3f0cf3f31daa27e8e1cfe5749a"
        ],
        "timestamp": "2026-06-23T15:43:15.813303719",
        "meta": {
            "nf-test": "0.9.5",
            "nextflow": "25.10.5"
        }
    }
}