{
    "Checking file contents to ensure proper processing and headers for order confirmation": {
        "content": [
            "257d3a52df0511a87bff6824ee76d65f"
        ],
        "timestamp": "2026-07-02T08:52:01.722777627",
        "meta": {
            "nf-test": "0.9.5",
            "nextflow": "25.10.5"
        }
    }
}