{
    "Checking that output channels have appropriate contents": {
        "content": [
            "e18c12c87b06456f7ec65ed70d9e8139",
            "ccbdc9769e97cc91b4fb2c728c402725"
        ],
        "timestamp": "2026-07-15T14:02:40.005234739",
        "meta": {
            "nf-test": "0.9.5",
            "nextflow": "25.10.5"
        }
    }
}